---
source: crates/linerule-core/tests/integration_render_snapshot.rs
expression: f
---
OverlayFrame {
    layers: [
        Layer {
            geometry: Rect(
                ScreenRect {
                    origin: Point {
                        x: 0,
                        y: 0,
                        _space: PhantomData<fn() -> linerule_core::geometry::Logical>,
                    },
                    width: 1920,
                    height: 526,
                },
            ),
            brush: Blur {
                amount: BlurAmount(
                    111,
                ),
                opacity: 255,
            },
        },
        Layer {
            geometry: Rect(
                ScreenRect {
                    origin: Point {
                        x: 0,
                        y: 554,
                        _space: PhantomData<fn() -> linerule_core::geometry::Logical>,
                    },
                    width: 1920,
                    height: 526,
                },
            ),
            brush: Blur {
                amount: BlurAmount(
                    111,
                ),
                opacity: 255,
            },
        },
    ],
}
